// Jest Snapshot v1, https://goo.gl/fbAQLP

exports[`CustomRobot Component renders correctly 1`] = `
<Container>
  <ScrollView>
    <Card
      image={
        Object {
          "process": [Function],
        }
      }
      style={
        Object {
          "textView": Object {
            "marginBottom": 0,
          },
        }
      }
      text="Letâ€™s see if your robot has what it takes."
      textAlign="left"
      title="Custom robot"
    />
    <Separator />
  </ScrollView>
  <Footer
    style={
      Object {
        "paddingTop": 34,
      }
    }
  >
    <Card
      button="Add Robot"
      onPress={[Function]}
    />
  </Footer>
</Container>
`;
